// Jest Snapshot v1, https://goo.gl/fbAQLP

exports[`App - general should render without crashing 1`] = `
<div>
  <SearchInputForm
    buttonText="go"
    name="searchInput"
    onSubmit={[Function]}
    placeholder="Type Player's ID"
  />
</div>
`;
